INT ID(a) BECOMES INTEGER(5) SEMICOLON INT ID(b) BECOMES ID(a) PLUS INTEGER(5) SEMICOLON PRINT LPAREN ID(b) RPAREN SEMICOLON